// Jest Snapshot v1, https://goo.gl/fbAQLP

exports[`indecision component should match with snapshot 1`] = `
<!--v-if-->
<div class="bg-dark"></div>
<div class="indecision-container"><input type="text" placeholder="Hazme una pregunta">
  <p>Recuerda terminar con un signo de interrogacion (?)</p>
  <!--v-if-->
</div>
`;
